exports[`test Renders OverlayTooltip correctly 1`] = `
<span
  onBlur={[Function]}
  onClick={null}
  onFocus={[Function]}
  onMouseOut={[Function]}
  onMouseOver={[Function]}>
  OverlayTooltip child
</span>
`;
